tuya_device.c:235:6:gw_reset_cb	0	static
tuya_device.c:181:6:upgrade_notify_cb	32	static
tuya_device.c:199:13:get_file_data_cb	40	static
tuya_device.c:125:6:prod_test	24	static
tuya_device.c:160:6:gw_status_cb	24	static
tuya_device.c:329:6:dev_dp_query_cb	24	static
tuya_device.c:217:5:gw_ug_cb	32	static
tuya_device.c:256:6:dev_obj_dp_cb	56	static
tuya_device.c:304:6:dev_raw_dp_cb	32	static
tuya_device.c:424:13:key_process	40	static
tuya_device.c:350:6:nw_stat_cb	32	static
tuya_device.c:35:6:pre_tuya_iot_init	0	static
tuya_device.c:48:8:gpio_test	0	static
tuya_device.c:61:6:mf_user_callback	0	static
tuya_device.c:74:6:pre_device_init	32	static
tuya_device.c:91:6:tuya_device_config	56	static
tuya_device.c:145:6:app_init	8	static
tuya_device.c:375:13:device_init	64	static
