tuya_hard_table.c:910:13:tuya_hard_start_soft_timer	24	static
tuya_hard_table.c:1091:13:tuya_hard_channel_save_cb	56	static
tuya_hard_table.c:142:13:tuya_hard_led_init	32	static
tuya_hard_table.c:178:13:tuya_hard_key_init	32	static
tuya_hard_table.c:227:13:tuya_hard_relay_init	32	static
tuya_hard_table.c:361:20:tuya_hard_get_wifi_mode	0	static
tuya_hard_table.c:374:6:tuya_hard_set_led	40	static
tuya_hard_table.c:417:6:tuya_hard_set_led_state	0	static
tuya_hard_table.c:455:6:tuya_hard_prod_flag	0	static
tuya_hard_table.c:468:8:tuya_hard_judge_key_pin	24	static
tuya_hard_table.c:509:6:tuya_hard_wifi_status	0	static
tuya_hard_table.c:543:13:tuya_hard_upload_all_data	32	static
tuya_hard_table.c:590:6:tuya_hard_relay_power_stat	56	static
tuya_hard_table.c:663:15:tuya_hard_dpid_type	24	static
tuya_hard_table.c:693:6:tuya_hard_set_relay	32	static
tuya_hard_table.c:813:6:tuya_hard_channel_save	24	static
tuya_hard_table.c:721:13:tuya_hard_set_channel_stat	16	static
tuya_hard_table.c:736:6:tuya_hard_channel_control	16	static
tuya_hard_table.c:263:6:tuya_hard_init_dev_stat	72	static
tuya_hard_table.c:300:6:tuya_hard_init	32	static
tuya_hard_table.c:832:13:tuya_hard_channel_upload	40	static
tuya_hard_table.c:492:6:tuya_hard_key_control	24	static
tuya_hard_table.c:755:6:tuya_hard_channel_cd_control	8	static
tuya_hard_table.c:779:13:tuya_hard_cd_timer_cb	32	static
tuya_hard_table.c:882:13:tuya_hard_soft_timer_init	24	static
tuya_hard_table.c:1137:6:tuya_hard_clear_flash_data	24	static
tuya_hard_table.c:1164:8:tuya_hard_get_channel_stat	0	static
